============================= test session starts =============================
platform win32 -- Python 3.11.9, pytest-9.0.0, pluggy-1.6.0
rootdir: C:\Users\USER\AutomationService\automation-service
configfile: pytest.ini
testpaths: tests
plugins: anyio-4.11.0, logfire-4.14.2, asyncio-1.3.0, cov-7.0.0
asyncio: mode=Mode.AUTO, debug=False, asyncio_default_fixture_loop_scope=None, asyncio_default_test_loop_scope=function
collected 99 items

tests\test_code_review_updater.py ....                                   [  4%]
tests\test_code_reviewer.py FFFF                                         [  8%]
tests\test_concurrent_pushes.py EE                                       [ 10%]
tests\test_config.py ...                                                 [ 13%]
tests\test_edge_cases.py FFFFFFFF                                        [ 21%]
tests\test_github_client.py FFFFFFFFFFFFFFFFFFFF                         [ 41%]
tests\test_llm_client.py ..........F..                                   [ 54%]
tests\test_orchestrator.py ........FFFFF.....                            [ 72%]
tests\test_readme_updater.py ......                                      [ 78%]
tests\test_spec_updater.py .....                                         [ 83%]
tests\test_webhook_flow.py EEEE                                          [ 87%]
tests\test_webhook_server.py ............                                [100%]

=================================== ERRORS ====================================
__________________ ERROR at setup of test_concurrent_pushes ___________________

mock_config = <MagicMock spec='Config' id='2250114443600'>

    @pytest.fixture
    def orchestrator(mock_config):
        mock_github = MagicMock()
        mock_github.get_commit_diff.return_value = "diff"
        mock_github.get_commit_info.return_value = {
            "sha": "abc123",
            "commit": {"message": "test", "author": {"name": "User"}}
        }
    
        code_reviewer = MagicMock()
        code_reviewer.review_commit = AsyncMock(return_value=True)
    
        readme_updater = MagicMock()
        readme_updater.update_readme = AsyncMock(return_value=None)  # No updates
    
        spec_updater = MagicMock()
        spec_updater.update_spec = AsyncMock(return_value=None)  # No updates
    
>       return AutomationOrchestrator(
            github_client=mock_github,
            code_reviewer=code_reviewer,
            readme_updater=readme_updater,
            spec_updater=spec_updater,
            config=mock_config
        )
E       TypeError: AutomationOrchestrator.__init__() missing 1 required positional argument: 'code_review_updater'

tests\test_concurrent_pushes.py:34: TypeError
____________ ERROR at setup of test_concurrent_pushes_with_delays _____________

mock_config = <MagicMock spec='Config' id='2250114233744'>

    @pytest.fixture
    def orchestrator(mock_config):
        mock_github = MagicMock()
        mock_github.get_commit_diff.return_value = "diff"
        mock_github.get_commit_info.return_value = {
            "sha": "abc123",
            "commit": {"message": "test", "author": {"name": "User"}}
        }
    
        code_reviewer = MagicMock()
        code_reviewer.review_commit = AsyncMock(return_value=True)
    
        readme_updater = MagicMock()
        readme_updater.update_readme = AsyncMock(return_value=None)  # No updates
    
        spec_updater = MagicMock()
        spec_updater.update_spec = AsyncMock(return_value=None)  # No updates
    
>       return AutomationOrchestrator(
            github_client=mock_github,
            code_reviewer=code_reviewer,
            readme_updater=readme_updater,
            spec_updater=spec_updater,
            config=mock_config
        )
E       TypeError: AutomationOrchestrator.__init__() missing 1 required positional argument: 'code_review_updater'

tests\test_concurrent_pushes.py:34: TypeError
_____________ ERROR at setup of test_orchestrator_runs_all_tasks ______________

mock_config = <MagicMock spec='Config' id='2250169477456'>
mock_github_client = <MagicMock id='2250169467152'>
mock_llm_client = <MagicMock id='2250169361552'>

    @pytest.fixture
    def orchestrator(mock_config, mock_github_client, mock_llm_client):
        # Create mock components
        code_reviewer = MagicMock()
        code_reviewer.review_commit = AsyncMock(return_value=True)
    
        readme_updater = MagicMock()
        readme_updater.update_readme = AsyncMock(return_value="New README")
    
        spec_updater = MagicMock()
        spec_updater.update_spec = AsyncMock(return_value="New spec")
    
        # Create orchestrator with mocked dependencies
>       orch = AutomationOrchestrator(
            github_client=mock_github_client,
            code_reviewer=code_reviewer,
            readme_updater=readme_updater,
            spec_updater=spec_updater,
            config=mock_config
        )
E       TypeError: AutomationOrchestrator.__init__() missing 1 required positional argument: 'code_review_updater'

tests\test_webhook_flow.py:51: TypeError
___________ ERROR at setup of test_orchestrator_creates_pr_for_docs ___________

mock_config = <MagicMock spec='Config' id='2250169259792'>
mock_github_client = <MagicMock id='2250169457616'>
mock_llm_client = <MagicMock id='2250169124112'>

    @pytest.fixture
    def orchestrator(mock_config, mock_github_client, mock_llm_client):
        # Create mock components
        code_reviewer = MagicMock()
        code_reviewer.review_commit = AsyncMock(return_value=True)
    
        readme_updater = MagicMock()
        readme_updater.update_readme = AsyncMock(return_value="New README")
    
        spec_updater = MagicMock()
        spec_updater.update_spec = AsyncMock(return_value="New spec")
    
        # Create orchestrator with mocked dependencies
>       orch = AutomationOrchestrator(
            github_client=mock_github_client,
            code_reviewer=code_reviewer,
            readme_updater=readme_updater,
            spec_updater=spec_updater,
            config=mock_config
        )
E       TypeError: AutomationOrchestrator.__init__() missing 1 required positional argument: 'code_review_updater'

tests\test_webhook_flow.py:51: TypeError
___________ ERROR at setup of test_orchestrator_handles_no_commits ____________

mock_config = <MagicMock spec='Config' id='2250169133136'>
mock_github_client = <MagicMock id='2250169072912'>
mock_llm_client = <MagicMock id='2250169052944'>

    @pytest.fixture
    def orchestrator(mock_config, mock_github_client, mock_llm_client):
        # Create mock components
        code_reviewer = MagicMock()
        code_reviewer.review_commit = AsyncMock(return_value=True)
    
        readme_updater = MagicMock()
        readme_updater.update_readme = AsyncMock(return_value="New README")
    
        spec_updater = MagicMock()
        spec_updater.update_spec = AsyncMock(return_value="New spec")
    
        # Create orchestrator with mocked dependencies
>       orch = AutomationOrchestrator(
            github_client=mock_github_client,
            code_reviewer=code_reviewer,
            readme_updater=readme_updater,
            spec_updater=spec_updater,
            config=mock_config
        )
E       TypeError: AutomationOrchestrator.__init__() missing 1 required positional argument: 'code_review_updater'

tests\test_webhook_flow.py:51: TypeError
____ ERROR at setup of test_orchestrator_task_failure_doesnt_block_others _____

mock_config = <MagicMock spec='Config' id='2250168293008'>
mock_github_client = <MagicMock id='2250092551696'>
mock_llm_client = <MagicMock id='2250168486288'>

    @pytest.fixture
    def orchestrator(mock_config, mock_github_client, mock_llm_client):
        # Create mock components
        code_reviewer = MagicMock()
        code_reviewer.review_commit = AsyncMock(return_value=True)
    
        readme_updater = MagicMock()
        readme_updater.update_readme = AsyncMock(return_value="New README")
    
        spec_updater = MagicMock()
        spec_updater.update_spec = AsyncMock(return_value="New spec")
    
        # Create orchestrator with mocked dependencies
>       orch = AutomationOrchestrator(
            github_client=mock_github_client,
            code_reviewer=code_reviewer,
            readme_updater=readme_updater,
            spec_updater=spec_updater,
            config=mock_config
        )
E       TypeError: AutomationOrchestrator.__init__() missing 1 required positional argument: 'code_review_updater'

tests\test_webhook_flow.py:51: TypeError
================================== FAILURES ===================================
_________________________ test_review_commit_success __________________________

code_reviewer = <src.automation_agent.code_reviewer.CodeReviewer object at 0x0000020BE3F1AF50>
mock_github_client = <AsyncMock spec='GitHubClient' id='2250113429520'>
mock_llm_client = <AsyncMock spec='LLMClient' id='2250113464528'>

    @pytest.mark.asyncio
    async def test_review_commit_success(code_reviewer, mock_github_client, mock_llm_client):
        """Test successful code review."""
        # Setup mocks
        mock_github_client.get_commit_diff.return_value = "diff content"
        mock_github_client.get_commit_info.return_value = {
            "commit": {
                "message": "test commit",
                "author": {"name": "Test User"}
            }
        }
        mock_llm_client.analyze_code.return_value = "Code review analysis"
        mock_github_client.post_commit_comment.return_value = True
    
        # Run review
        result = await code_reviewer.review_commit("sha123")
    
        # Verify
>       assert result is True
E       AssertionError: assert {'review': '# \U0001f916 Automated Code Review\\n\\n*This review was generated automatically by the GitHub Automation Agent.*\\n\\n...s an automated review. Please use your judgment and discuss with your team before making changes.*\\n', 'success': True} is True

tests\test_code_reviewer.py:27: AssertionError
_________________________ test_review_commit_no_diff __________________________

code_reviewer = <src.automation_agent.code_reviewer.CodeReviewer object at 0x0000020BE3EF2E10>
mock_github_client = <AsyncMock spec='GitHubClient' id='2250091734096'>

    @pytest.mark.asyncio
    async def test_review_commit_no_diff(code_reviewer, mock_github_client):
        """Test review when diff fetch fails."""
        mock_github_client.get_commit_diff.return_value = None
    
        result = await code_reviewer.review_commit("sha123")
    
>       assert result is False
E       AssertionError: assert {'review': None, 'success': False} is False

tests\test_code_reviewer.py:39: AssertionError
------------------------------ Captured log call ------------------------------
ERROR    src.automation_agent.code_reviewer:code_reviewer.py:39 Failed to fetch commit diff
_______________________ test_review_commit_llm_failure ________________________

code_reviewer = <src.automation_agent.code_reviewer.CodeReviewer object at 0x0000020BE5426710>
mock_github_client = <AsyncMock spec='GitHubClient' id='2250114226832'>
mock_llm_client = <AsyncMock spec='LLMClient' id='2250114290384'>

    @pytest.mark.asyncio
    async def test_review_commit_llm_failure(code_reviewer, mock_github_client, mock_llm_client):
        """Test review when LLM analysis fails."""
        mock_github_client.get_commit_diff.return_value = "diff content"
        mock_github_client.get_commit_info.return_value = {"commit": {}}
        mock_llm_client.analyze_code.side_effect = Exception("LLM Error")
    
        result = await code_reviewer.review_commit("sha123")
    
>       assert result is False
E       AssertionError: assert {'review': None, 'success': False} is False

tests\test_code_reviewer.py:50: AssertionError
------------------------------ Captured log call ------------------------------
ERROR    src.automation_agent.code_reviewer:code_reviewer.py:55 LLM analysis failed: LLM Error
______________________ test_review_commit_post_as_issue _______________________

code_reviewer = <src.automation_agent.code_reviewer.CodeReviewer object at 0x0000020BE5444D90>
mock_github_client = <AsyncMock spec='GitHubClient' id='2250114354960'>
mock_llm_client = <AsyncMock spec='LLMClient' id='2250114217232'>

    @pytest.mark.asyncio
    async def test_review_commit_post_as_issue(code_reviewer, mock_github_client, mock_llm_client):
        """Test posting review as an issue."""
        mock_github_client.get_commit_diff.return_value = "diff content"
        mock_github_client.get_commit_info.return_value = {"commit": {}}
        mock_llm_client.analyze_code.return_value = "Analysis"
        mock_github_client.create_issue.return_value = 123
    
        result = await code_reviewer.review_commit("sha123", post_as_issue=True)
    
>       assert result is True
E       AssertionError: assert {'review': '# \U0001f916 Automated Code Review\\n\\n*This review was generated automatically by the GitHub Automation Agent.*\\n\\n...s an automated review. Please use your judgment and discuss with your team before making changes.*\\n', 'success': True} is True

tests\test_code_reviewer.py:62: AssertionError
_______________________________ test_empty_diff _______________________________

mock_config = <MagicMock spec='Config' id='2250041028688'>

    @pytest.mark.asyncio
    async def test_empty_diff(mock_config):
        """Test handling of empty diff."""
        mock_github = MagicMock()
        mock_github.get_commit_diff.return_value = ""  # Empty diff
        mock_github.get_commit_info.return_value = {
            "sha": "abc123",
            "commit": {"message": "empty", "author": {"name": "User"}}
        }
    
        mock_llm = MagicMock()
        mock_llm.analyze_code = AsyncMock(return_value="No changes to review")
    
        reviewer = CodeReviewer(mock_github, mock_llm)
>       result = await reviewer.review_commit("abc123")
                 ^^^^^^^^^^^^^^^^^^^^^^^^^^^^^^^^^^^^^^

tests\test_edge_cases.py:33: 
_ _ _ _ _ _ _ _ _ _ _ _ _ _ _ _ _ _ _ _ _ _ _ _ _ _ _ _ _ _ _ _ _ _ _ _ _ _ _ _

self = <src.automation_agent.code_reviewer.CodeReviewer object at 0x0000020BE534BC90>
commit_sha = 'abc123', post_as_issue = False

    async def review_commit(self, commit_sha: str, post_as_issue: bool = False) -> Dict[str, Any]:
        """Review a commit and post findings.
    
        Args:
            commit_sha: Commit SHA to review
            post_as_issue: If True, post as issue; otherwise as commit comment
    
        Returns:
            Dictionary with success status and review content
        """
        logger.info(f"Starting code review for commit {commit_sha}")
    
        # Fetch commit diff
>       diff = await self.github.get_commit_diff(commit_sha)
               ^^^^^^^^^^^^^^^^^^^^^^^^^^^^^^^^^^^^^^^^^^^^^
E       TypeError: object str can't be used in 'await' expression

src\automation_agent\code_reviewer.py:37: TypeError
_______________________________ test_huge_diff ________________________________

mock_config = <MagicMock spec='Config' id='2250114717136'>

    @pytest.mark.asyncio
    async def test_huge_diff(mock_config):
        """Test handling of very large diff."""
        mock_github = MagicMock()
        # Simulate huge diff (100k lines)
        mock_github.get_commit_diff.return_value = "+" + ("line\n" * 100000)
        mock_github.get_commit_info.return_value = {
            "sha": "abc123",
            "commit": {"message": "huge", "author": {"name": "User"}}
        }
        mock_github.post_commit_comment.return_value = True
    
        mock_llm = MagicMock()
        mock_llm.analyze_code = AsyncMock(return_value="Review of large diff")
    
        reviewer = CodeReviewer(mock_github, mock_llm)
>       result = await reviewer.review_commit("abc123")
                 ^^^^^^^^^^^^^^^^^^^^^^^^^^^^^^^^^^^^^^

tests\test_edge_cases.py:54: 
_ _ _ _ _ _ _ _ _ _ _ _ _ _ _ _ _ _ _ _ _ _ _ _ _ _ _ _ _ _ _ _ _ _ _ _ _ _ _ _

self = <src.automation_agent.code_reviewer.CodeReviewer object at 0x0000020BE533A810>
commit_sha = 'abc123', post_as_issue = False

    async def review_commit(self, commit_sha: str, post_as_issue: bool = False) -> Dict[str, Any]:
        """Review a commit and post findings.
    
        Args:
            commit_sha: Commit SHA to review
            post_as_issue: If True, post as issue; otherwise as commit comment
    
        Returns:
            Dictionary with success status and review content
        """
        logger.info(f"Starting code review for commit {commit_sha}")
    
        # Fetch commit diff
>       diff = await self.github.get_commit_diff(commit_sha)
               ^^^^^^^^^^^^^^^^^^^^^^^^^^^^^^^^^^^^^^^^^^^^^
E       TypeError: object str can't be used in 'await' expression

src\automation_agent\code_reviewer.py:37: TypeError
___________________________ test_github_rate_limit ____________________________

mock_config = <MagicMock spec='Config' id='2250114721936'>

    @pytest.mark.asyncio
    async def test_github_rate_limit(mock_config):
        """Test handling of GitHub API rate limit."""
        mock_github = MagicMock()
        # Simulate rate limit error - use generic Exception since HTTPError needs response object
        mock_github.get_commit_diff.side_effect = Exception("403 rate limit exceeded")
    
        mock_llm = MagicMock()
    
        reviewer = CodeReviewer(mock_github, mock_llm)
>       result = await reviewer.review_commit("abc123")
                 ^^^^^^^^^^^^^^^^^^^^^^^^^^^^^^^^^^^^^^

tests\test_edge_cases.py:69: 
_ _ _ _ _ _ _ _ _ _ _ _ _ _ _ _ _ _ _ _ _ _ _ _ _ _ _ _ _ _ _ _ _ _ _ _ _ _ _ _
src\automation_agent\code_reviewer.py:37: in review_commit
    diff = await self.github.get_commit_diff(commit_sha)
                 ^^^^^^^^^^^^^^^^^^^^^^^^^^^^^^^^^^^^^^^
C:\Program Files\WindowsApps\PythonSoftwareFoundation.Python.3.11_3.11.2544.0_x64__qbz5n2kfra8p0\Lib\unittest\mock.py:1124: in __call__
    return self._mock_call(*args, **kwargs)
           ^^^^^^^^^^^^^^^^^^^^^^^^^^^^^^^^
C:\Program Files\WindowsApps\PythonSoftwareFoundation.Python.3.11_3.11.2544.0_x64__qbz5n2kfra8p0\Lib\unittest\mock.py:1128: in _mock_call
    return self._execute_mock_call(*args, **kwargs)
           ^^^^^^^^^^^^^^^^^^^^^^^^^^^^^^^^^^^^^^^^
_ _ _ _ _ _ _ _ _ _ _ _ _ _ _ _ _ _ _ _ _ _ _ _ _ _ _ _ _ _ _ _ _ _ _ _ _ _ _ _

self = <MagicMock name='mock.get_commit_diff' id='2250113292432'>
args = ('abc123',), kwargs = {}, effect = Exception('403 rate limit exceeded')

    def _execute_mock_call(self, /, *args, **kwargs):
        # separate from _increment_mock_call so that awaited functions are
        # executed separately from their call, also AsyncMock overrides this method
    
        effect = self.side_effect
        if effect is not None:
            if _is_exception(effect):
>               raise effect
E               Exception: 403 rate limit exceeded

C:\Program Files\WindowsApps\PythonSoftwareFoundation.Python.3.11_3.11.2544.0_x64__qbz5n2kfra8p0\Lib\unittest\mock.py:1183: Exception
____________________________ test_llm_api_failure _____________________________

mock_config = <MagicMock spec='Config' id='2250113283664'>

    @pytest.mark.asyncio
    async def test_llm_api_failure(mock_config):
        """Test handling of LLM API failure."""
        mock_github = MagicMock()
        mock_github.get_commit_diff.return_value = "diff"
        mock_github.get_commit_info.return_value = {
            "sha": "abc123",
            "commit": {"message": "test", "author": {"name": "User"}}
        }
    
        mock_llm = MagicMock()
        # Simulate LLM API error
        mock_llm.analyze_code = AsyncMock(side_effect=Exception("API timeout"))
    
        reviewer = CodeReviewer(mock_github, mock_llm)
>       result = await reviewer.review_commit("abc123")
                 ^^^^^^^^^^^^^^^^^^^^^^^^^^^^^^^^^^^^^^

tests\test_edge_cases.py:89: 
_ _ _ _ _ _ _ _ _ _ _ _ _ _ _ _ _ _ _ _ _ _ _ _ _ _ _ _ _ _ _ _ _ _ _ _ _ _ _ _

self = <src.automation_agent.code_reviewer.CodeReviewer object at 0x0000020BE545ED90>
commit_sha = 'abc123', post_as_issue = False

    async def review_commit(self, commit_sha: str, post_as_issue: bool = False) -> Dict[str, Any]:
        """Review a commit and post findings.
    
        Args:
            commit_sha: Commit SHA to review
            post_as_issue: If True, post as issue; otherwise as commit comment
    
        Returns:
            Dictionary with success status and review content
        """
        logger.info(f"Starting code review for commit {commit_sha}")
    
        # Fetch commit diff
>       diff = await self.github.get_commit_diff(commit_sha)
               ^^^^^^^^^^^^^^^^^^^^^^^^^^^^^^^^^^^^^^^^^^^^^
E       TypeError: object str can't be used in 'await' expression

src\automation_agent\code_reviewer.py:37: TypeError
_____________________________ test_missing_readme _____________________________

mock_config = <MagicMock spec='Config' id='2250113276112'>

    @pytest.mark.asyncio
    async def test_missing_readme(mock_config):
        """Test README update when README.md doesn't exist."""
        mock_github = MagicMock()
        mock_github.get_commit_diff.return_value = "diff"
        mock_github.get_commit_info.return_value = {
            "sha": "abc123",
            "commit": {"message": "test", "author": {"name": "User"}}
        }
        mock_github.get_file_content.return_value = None  # README doesn't exist
    
        mock_llm = MagicMock()
        mock_llm.update_readme = AsyncMock(return_value="# New README\n\nContent")
    
        updater = ReadmeUpdater(mock_github, mock_llm)
>       result = await updater.update_readme("abc123")
                 ^^^^^^^^^^^^^^^^^^^^^^^^^^^^^^^^^^^^^

tests\test_edge_cases.py:109: 
_ _ _ _ _ _ _ _ _ _ _ _ _ _ _ _ _ _ _ _ _ _ _ _ _ _ _ _ _ _ _ _ _ _ _ _ _ _ _ _

self = <src.automation_agent.readme_updater.ReadmeUpdater object at 0x0000020BE5444210>
commit_sha = 'abc123', branch = 'main'

    async def update_readme(self, commit_sha: str, branch: str = "main") -> Optional[str]:
        """Update README.md based on code changes.
    
        Args:
            commit_sha: Commit SHA to analyze
            branch: Branch to update README on
    
        Returns:
            Updated README content, or None if no updates needed
        """
        logger.info(f"Analyzing commit {commit_sha} for README updates")
    
        # Fetch commit diff and info
>       diff = await self.github.get_commit_diff(commit_sha)
               ^^^^^^^^^^^^^^^^^^^^^^^^^^^^^^^^^^^^^^^^^^^^^
E       TypeError: object str can't be used in 'await' expression

src\automation_agent\readme_updater.py:38: TypeError
______________________________ test_missing_spec ______________________________

mock_config = <MagicMock spec='Config' id='2250112599888'>

    @pytest.mark.asyncio
    async def test_missing_spec(mock_config):
        """Test spec update when spec.md doesn't exist."""
        mock_github = MagicMock()
        mock_github.get_commit_info.return_value = {
            "sha": "abc123",
            "commit": {"message": "test", "author": {"name": "User"}}
        }
        mock_github.get_file_content.return_value = None  # spec.md doesn't exist
    
        mock_llm = MagicMock()
        mock_llm.update_spec = AsyncMock(return_value="New entry")
    
        updater = SpecUpdater(mock_github, mock_llm)
>       result = await updater.update_spec("abc123")
                 ^^^^^^^^^^^^^^^^^^^^^^^^^^^^^^^^^^^

tests\test_edge_cases.py:129: 
_ _ _ _ _ _ _ _ _ _ _ _ _ _ _ _ _ _ _ _ _ _ _ _ _ _ _ _ _ _ _ _ _ _ _ _ _ _ _ _

self = <src.automation_agent.spec_updater.SpecUpdater object at 0x0000020BE5463090>
commit_sha = 'abc123', branch = 'main'

    async def update_spec(self, commit_sha: str, branch: str = "main") -> Optional[str]:
        """Update spec.md with project progress documentation.
    
        Args:
            commit_sha: Commit SHA to document
            branch: Branch to update spec on
    
        Returns:
            Updated spec content, or None if update fails
        """
        logger.info(f"Generating spec.md update for commit {commit_sha}")
    
        # Fetch commit info
>       commit_info = await self.github.get_commit_info(commit_sha)
                      ^^^^^^^^^^^^^^^^^^^^^^^^^^^^^^^^^^^^^^^^^^^^^
E       TypeError: object dict can't be used in 'await' expression

src\automation_agent\spec_updater.py:39: TypeError
____________________________ test_invalid_payload _____________________________

mock_config = <MagicMock spec='Config' id='2250114226448'>

    @pytest.mark.asyncio
    async def test_invalid_payload(mock_config):
        """Test orchestrator with invalid webhook payload."""
        mock_github = MagicMock()
        code_reviewer = MagicMock()
        readme_updater = MagicMock()
        spec_updater = MagicMock()
    
>       orch = AutomationOrchestrator(
            mock_github, code_reviewer, readme_updater, spec_updater, mock_config
        )
E       TypeError: AutomationOrchestrator.__init__() missing 1 required positional argument: 'config'

tests\test_edge_cases.py:143: TypeError
_________________________ test_malformed_commit_info __________________________

mock_config = <MagicMock spec='Config' id='2250114460624'>

    @pytest.mark.asyncio
    async def test_malformed_commit_info(mock_config):
        """Test handling of malformed commit info."""
        mock_github = MagicMock()
        mock_github.get_commit_diff.return_value = "diff"
        mock_github.get_commit_info.return_value = None  # Malformed response
    
        mock_llm = MagicMock()
    
        reviewer = CodeReviewer(mock_github, mock_llm)
>       result = await reviewer.review_commit("abc123")
                 ^^^^^^^^^^^^^^^^^^^^^^^^^^^^^^^^^^^^^^

tests\test_edge_cases.py:163: 
_ _ _ _ _ _ _ _ _ _ _ _ _ _ _ _ _ _ _ _ _ _ _ _ _ _ _ _ _ _ _ _ _ _ _ _ _ _ _ _

self = <src.automation_agent.code_reviewer.CodeReviewer object at 0x0000020BE545FE90>
commit_sha = 'abc123', post_as_issue = False

    async def review_commit(self, commit_sha: str, post_as_issue: bool = False) -> Dict[str, Any]:
        """Review a commit and post findings.
    
        Args:
            commit_sha: Commit SHA to review
            post_as_issue: If True, post as issue; otherwise as commit comment
    
        Returns:
            Dictionary with success status and review content
        """
        logger.info(f"Starting code review for commit {commit_sha}")
    
        # Fetch commit diff
>       diff = await self.github.get_commit_diff(commit_sha)
               ^^^^^^^^^^^^^^^^^^^^^^^^^^^^^^^^^^^^^^^^^^^^^
E       TypeError: object str can't be used in 'await' expression

src\automation_agent\code_reviewer.py:37: TypeError
________________________ test_get_commit_diff_success _________________________

github_client = <automation_agent.github_client.GitHubClient object at 0x0000020BE5329DD0>
mock_session = <MagicMock id='2250113197904'>

    def test_get_commit_diff_success(github_client, mock_session):
        mock_response = MagicMock()
        mock_response.text = "diff content"
        mock_response.raise_for_status.return_value = None
        mock_session.get.return_value = mock_response
    
        diff = github_client.get_commit_diff("sha123")
>       assert diff == "diff content"
E       AssertionError: assert <coroutine object GitHubClient.get_commit_diff at 0x0000020BE5429580> == 'diff content'

tests\test_github_client.py:13: AssertionError
________________________ test_get_commit_diff_failure _________________________

github_client = <automation_agent.github_client.GitHubClient object at 0x0000020BE5370FD0>
mock_session = <MagicMock id='2250114560784'>

    def test_get_commit_diff_failure(github_client, mock_session):
        mock_session.get.side_effect = requests.exceptions.RequestException("Error")
        diff = github_client.get_commit_diff("sha123")
>       assert diff is None
E       assert <coroutine object GitHubClient.get_commit_diff at 0x0000020BE5428150> is None

tests\test_github_client.py:22: AssertionError
________________________ test_get_commit_info_success _________________________

github_client = <automation_agent.github_client.GitHubClient object at 0x0000020BE5474190>
mock_session = <MagicMock id='2250114560848'>

    def test_get_commit_info_success(github_client, mock_session):
        mock_response = MagicMock()
        mock_response.json.return_value = {"sha": "sha123", "message": "msg"}
        mock_response.raise_for_status.return_value = None
        mock_session.get.return_value = mock_response
    
        info = github_client.get_commit_info("sha123")
>       assert info["sha"] == "sha123"
               ^^^^^^^^^^^
E       TypeError: 'coroutine' object is not subscriptable

tests\test_github_client.py:31: TypeError
________________________ test_get_commit_info_failure _________________________

github_client = <automation_agent.github_client.GitHubClient object at 0x0000020BE543C1D0>
mock_session = <MagicMock id='2250114321040'>

    def test_get_commit_info_failure(github_client, mock_session):
        mock_session.get.side_effect = requests.exceptions.RequestException("Error")
        info = github_client.get_commit_info("sha123")
>       assert info is None
E       assert <coroutine object GitHubClient.get_commit_info at 0x0000020BE5344590> is None

tests\test_github_client.py:36: AssertionError
______________________ test_post_commit_comment_success _______________________

github_client = <automation_agent.github_client.GitHubClient object at 0x0000020BE54614D0>
mock_session = <MagicMock id='2250114619088'>

    def test_post_commit_comment_success(github_client, mock_session):
        mock_response = MagicMock()
        mock_response.raise_for_status.return_value = None
        mock_session.post.return_value = mock_response
    
        result = github_client.post_commit_comment("sha123", "comment")
>       assert result is True
E       assert <coroutine object GitHubClient.post_commit_comment at 0x0000020BE5302320> is True

tests\test_github_client.py:44: AssertionError
______________________ test_post_commit_comment_failure _______________________

github_client = <automation_agent.github_client.GitHubClient object at 0x0000020BE5329D10>
mock_session = <MagicMock id='2250114863184'>

    def test_post_commit_comment_failure(github_client, mock_session):
        mock_session.post.side_effect = requests.exceptions.RequestException("Error")
        result = github_client.post_commit_comment("sha123", "comment")
>       assert result is False
E       assert <coroutine object GitHubClient.post_commit_comment at 0x0000020BE5302B00> is False

tests\test_github_client.py:53: AssertionError
__________________________ test_create_issue_success __________________________

github_client = <automation_agent.github_client.GitHubClient object at 0x0000020BE533B150>
mock_session = <MagicMock id='2250113195472'>

    def test_create_issue_success(github_client, mock_session):
        mock_response = MagicMock()
        mock_response.json.return_value = {"number": 10}
        mock_response.raise_for_status.return_value = None
        mock_session.post.return_value = mock_response
    
        issue_num = github_client.create_issue("Title", "Body", ["label"])
>       assert issue_num == 10
E       assert <coroutine object GitHubClient.create_issue at 0x0000020BE5306E90> == 10

tests\test_github_client.py:62: AssertionError
__________________________ test_create_issue_failure __________________________

github_client = <automation_agent.github_client.GitHubClient object at 0x0000020BE5296610>
mock_session = <MagicMock id='2250112591696'>

    def test_create_issue_failure(github_client, mock_session):
        mock_session.post.side_effect = requests.exceptions.RequestException("Error")
        issue_num = github_client.create_issue("Title", "Body")
>       assert issue_num is None
E       assert <coroutine object GitHubClient.create_issue at 0x0000020BE5306D60> is None

tests\test_github_client.py:71: AssertionError
________________________ test_get_file_content_success ________________________

github_client = <automation_agent.github_client.GitHubClient object at 0x0000020BE533D110>
mock_session = <MagicMock id='2250092259664'>

    def test_get_file_content_success(github_client, mock_session):
        content = "hello world"
        encoded = base64.b64encode(content.encode()).decode()
        mock_response = MagicMock()
        mock_response.json.return_value = {"content": encoded}
        mock_response.raise_for_status.return_value = None
        mock_session.get.return_value = mock_response
    
        result = github_client.get_file_content("path/to/file")
>       assert result == "hello world"
E       AssertionError: assert <coroutine object GitHubClient.get_file_content at 0x0000020BE53070F0> == 'hello world'

tests\test_github_client.py:82: AssertionError
__________________________ test_get_file_content_404 __________________________

github_client = <automation_agent.github_client.GitHubClient object at 0x0000020BE5476D50>
mock_session = <MagicMock id='2250112600848'>

    def test_get_file_content_404(github_client, mock_session):
        mock_response = MagicMock()
        mock_response.status_code = 404
        mock_session.get.return_value = mock_response
    
        result = github_client.get_file_content("path/to/file")
>       assert result is None
E       assert <coroutine object GitHubClient.get_file_content at 0x0000020BE5306FC0> is None

tests\test_github_client.py:90: AssertionError
________________________ test_get_file_content_failure ________________________

github_client = <automation_agent.github_client.GitHubClient object at 0x0000020BE545B310>
mock_session = <MagicMock id='2250114437456'>

    def test_get_file_content_failure(github_client, mock_session):
        mock_session.get.side_effect = requests.exceptions.RequestException("Error")
        result = github_client.get_file_content("path/to/file")
>       assert result is None
E       assert <coroutine object GitHubClient.get_file_content at 0x0000020BE53070F0> is None

tests\test_github_client.py:95: AssertionError
__________________________ test_update_file_success ___________________________

github_client = <automation_agent.github_client.GitHubClient object at 0x0000020BE5343590>
mock_session = <MagicMock id='2250114557008'>

    def test_update_file_success(github_client, mock_session):
        # Mock get (check existence) - returns 404 (new file)
        mock_get_response = MagicMock()
        mock_get_response.status_code = 404
    
        # Mock put (update)
        mock_put_response = MagicMock()
        mock_put_response.raise_for_status.return_value = None
    
        mock_session.get.return_value = mock_get_response
        mock_session.put.return_value = mock_put_response
    
        result = github_client.update_file("file.txt", "content", "msg")
>       assert result is True
E       assert <coroutine object GitHubClient.update_file at 0x0000020BE5257740> is True

tests\test_github_client.py:110: AssertionError
__________________________ test_update_file_existing __________________________

github_client = <automation_agent.github_client.GitHubClient object at 0x0000020BE545FE50>
mock_session = <MagicMock id='2250114618576'>

    def test_update_file_existing(github_client, mock_session):
        # Mock get (check existence) - returns 200 (existing file)
        mock_get_response = MagicMock()
        mock_get_response.status_code = 200
        mock_get_response.json.return_value = {"sha": "old_sha"}
    
        # Mock put (update)
        mock_put_response = MagicMock()
        mock_put_response.raise_for_status.return_value = None
    
        mock_session.get.return_value = mock_get_response
        mock_session.put.return_value = mock_put_response
    
        result = github_client.update_file("file.txt", "content", "msg")
>       assert result is True
E       assert <coroutine object GitHubClient.update_file at 0x0000020BE5414680> is True

tests\test_github_client.py:127: AssertionError
__________________________ test_update_file_failure ___________________________

github_client = <automation_agent.github_client.GitHubClient object at 0x0000020BE5426510>
mock_session = <MagicMock id='2250114619728'>

    def test_update_file_failure(github_client, mock_session):
        mock_session.put.side_effect = requests.exceptions.RequestException("Error")
        result = github_client.update_file("file.txt", "content", "msg")
>       assert result is False
E       assert <coroutine object GitHubClient.update_file at 0x0000020BE5414900> is False

tests\test_github_client.py:136: AssertionError
_________________________ test_create_branch_success __________________________

github_client = <automation_agent.github_client.GitHubClient object at 0x0000020BE5338310>
mock_session = <MagicMock id='2250092560144'>

    def test_create_branch_success(github_client, mock_session):
        # Mock get ref
        mock_get_response = MagicMock()
        mock_get_response.json.return_value = {"object": {"sha": "base_sha"}}
        mock_get_response.raise_for_status.return_value = None
    
        # Mock create ref
        mock_post_response = MagicMock()
        mock_post_response.raise_for_status.return_value = None
    
        mock_session.get.return_value = mock_get_response
        mock_session.post.return_value = mock_post_response
    
        result = github_client.create_branch("new-branch")
>       assert result is True
E       assert <coroutine object GitHubClient.create_branch at 0x0000020BE53070F0> is True

tests\test_github_client.py:152: AssertionError
_________________________ test_create_branch_failure __________________________

github_client = <automation_agent.github_client.GitHubClient object at 0x0000020BE54C2750>
mock_session = <MagicMock id='2250114220240'>

    def test_create_branch_failure(github_client, mock_session):
        mock_session.get.side_effect = requests.exceptions.RequestException("Error")
        result = github_client.create_branch("new-branch")
>       assert result is False
E       assert <coroutine object GitHubClient.create_branch at 0x0000020BE5306D60> is False

tests\test_github_client.py:161: AssertionError
______________________ test_create_pull_request_success _______________________

github_client = <automation_agent.github_client.GitHubClient object at 0x0000020BE545E950>
mock_session = <MagicMock id='2250114454416'>

    def test_create_pull_request_success(github_client, mock_session):
        mock_response = MagicMock()
        mock_response.json.return_value = {"number": 123}
        mock_response.raise_for_status.return_value = None
        mock_session.post.return_value = mock_response
    
        pr_num = github_client.create_pull_request("Title", "Body", "head")
>       assert pr_num == 123
E       assert <coroutine object GitHubClient.create_pull_request at 0x0000020BE5306E90> == 123

tests\test_github_client.py:170: AssertionError
______________________ test_create_pull_request_failure _______________________

github_client = <automation_agent.github_client.GitHubClient object at 0x0000020BE543E3D0>
mock_session = <MagicMock id='2250114328656'>

    def test_create_pull_request_failure(github_client, mock_session):
        mock_session.post.side_effect = requests.exceptions.RequestException("Error")
        pr_num = github_client.create_pull_request("Title", "Body", "head")
>       assert pr_num is None
E       assert <coroutine object GitHubClient.create_pull_request at 0x0000020BE5307350> is None

tests\test_github_client.py:175: AssertionError
_______________________ test_get_recent_commits_success _______________________

github_client = <automation_agent.github_client.GitHubClient object at 0x0000020BE533C310>
mock_session = <MagicMock id='2250113285456'>

    def test_get_recent_commits_success(github_client, mock_session):
        mock_response = MagicMock()
        mock_response.json.return_value = [{"sha": "1"}, {"sha": "2"}]
        mock_response.raise_for_status.return_value = None
        mock_session.get.return_value = mock_response
    
        commits = github_client.get_recent_commits(2)
>       assert len(commits) == 2
               ^^^^^^^^^^^^
E       TypeError: object of type 'coroutine' has no len()

tests\test_github_client.py:184: TypeError
_______________________ test_get_recent_commits_failure _______________________

github_client = <automation_agent.github_client.GitHubClient object at 0x0000020BE5341C10>
mock_session = <MagicMock id='2250113330064'>

    def test_get_recent_commits_failure(github_client, mock_session):
        mock_session.get.side_effect = requests.exceptions.RequestException("Error")
        commits = github_client.get_recent_commits()
>       assert commits == []
E       assert <coroutine object GitHubClient.get_recent_commits at 0x0000020BE53447B0> == []

tests\test_github_client.py:189: AssertionError
______________________________ test_update_spec _______________________________

mock_env_openai = None, mock_openai_client = <AsyncMock id='2250122859920'>

    @pytest.mark.asyncio
    async def test_update_spec(mock_env_openai, mock_openai_client):
        with patch("openai.AsyncOpenAI", return_value=mock_openai_client):
            client = LLMClient(provider="openai", model="gpt-4")
            commit_info = {"message": "feat: new feature"}
            spec = "# Old Spec"
>           response = await client.update_spec(commit_info, spec)
                             ^^^^^^^^^^^^^^^^^^^^^^^^^^^^^^^^^^^^^
E           TypeError: LLMClient.update_spec() missing 1 required positional argument: 'current_spec'

tests\test_llm_client.py:105: TypeError
_________________ test_create_documentation_pr_failure_branch _________________

orchestrator = <automation_agent.orchestrator.AutomationOrchestrator object at 0x0000020BE87A8F50>
mock_github_client = <AsyncMock spec='GitHubClient' id='2250168433104'>

    @pytest.mark.asyncio
    async def test_create_documentation_pr_failure_branch(orchestrator, mock_github_client):
        """Test failure when creating branch."""
        mock_github_client.create_branch.return_value = False
    
        result = orchestrator._create_documentation_pr(
            branch="main", readme_content="content", commit_sha="123"
        )
    
>       assert result["success"] is False
               ^^^^^^^^^^^^^^^^^
E       TypeError: 'coroutine' object is not subscriptable

tests\test_orchestrator.py:133: TypeError
_____________ test_create_documentation_pr_failure_update_readme ______________

orchestrator = <automation_agent.orchestrator.AutomationOrchestrator object at 0x0000020BE87D6A50>
mock_github_client = <AsyncMock spec='GitHubClient' id='2250168426512'>

    @pytest.mark.asyncio
    async def test_create_documentation_pr_failure_update_readme(orchestrator, mock_github_client):
        """Test failure when updating README."""
        mock_github_client.create_branch.return_value = True
        mock_github_client.update_file.return_value = False
    
        result = orchestrator._create_documentation_pr(
            branch="main", readme_content="content", commit_sha="123"
        )
    
>       assert result["success"] is False
               ^^^^^^^^^^^^^^^^^
E       TypeError: 'coroutine' object is not subscriptable

tests\test_orchestrator.py:146: TypeError
______________ test_create_documentation_pr_failure_update_spec _______________

orchestrator = <automation_agent.orchestrator.AutomationOrchestrator object at 0x0000020BE8804E90>
mock_github_client = <AsyncMock spec='GitHubClient' id='2250168981520'>

    @pytest.mark.asyncio
    async def test_create_documentation_pr_failure_update_spec(orchestrator, mock_github_client):
        """Test failure when updating spec."""
        mock_github_client.create_branch.return_value = True
        mock_github_client.update_file.return_value = False
    
        result = orchestrator._create_documentation_pr(
            branch="main", spec_content="content", commit_sha="123"
        )
    
>       assert result["success"] is False
               ^^^^^^^^^^^^^^^^^
E       TypeError: 'coroutine' object is not subscriptable

tests\test_orchestrator.py:159: TypeError
_______________ test_create_documentation_pr_failure_create_pr ________________

orchestrator = <automation_agent.orchestrator.AutomationOrchestrator object at 0x0000020BE5C6C7D0>
mock_github_client = <AsyncMock spec='GitHubClient' id='2250168624656'>

    @pytest.mark.asyncio
    async def test_create_documentation_pr_failure_create_pr(orchestrator, mock_github_client):
        """Test failure when creating PR."""
        mock_github_client.create_branch.return_value = True
        mock_github_client.update_file.return_value = True
        mock_github_client.create_pull_request.return_value = None
    
        result = orchestrator._create_documentation_pr(
            branch="main", readme_content="content", commit_sha="123"
        )
    
>       assert result["success"] is False
               ^^^^^^^^^^^^^^^^^
E       TypeError: 'coroutine' object is not subscriptable

tests\test_orchestrator.py:173: TypeError
___________________ test_create_documentation_pr_exception ____________________

orchestrator = <automation_agent.orchestrator.AutomationOrchestrator object at 0x0000020BE8792C50>
mock_github_client = <AsyncMock spec='GitHubClient' id='2250169024592'>

    @pytest.mark.asyncio
    async def test_create_documentation_pr_exception(orchestrator, mock_github_client):
        """Test exception during PR creation."""
        mock_github_client.create_branch.side_effect = Exception("Error")
    
        result = orchestrator._create_documentation_pr(
            branch="main", readme_content="content", commit_sha="123"
        )
    
>       assert result["success"] is False
               ^^^^^^^^^^^^^^^^^
E       TypeError: 'coroutine' object is not subscriptable

tests\test_orchestrator.py:185: TypeError
============================== warnings summary ===============================
tests/test_llm_client.py::test_init_openai_success
  C:\Program Files\WindowsApps\PythonSoftwareFoundation.Python.3.11_3.11.2544.0_x64__qbz5n2kfra8p0\Lib\dataclasses.py:433: RuntimeWarning: coroutine 'GitHubClient.get_recent_commits' was never awaited
    exec(txt, globals, ns)
  Enable tracemalloc to get traceback where the object was allocated.
  See https://docs.pytest.org/en/stable/how-to/capture-warnings.html#resource-warnings for more info.

tests/test_llm_client.py::test_init_openai_success
  C:\Users\USER\AppData\Local\Packages\PythonSoftwareFoundation.Python.3.11_qbz5n2kfra8p0\LocalCache\local-packages\Python311\site-packages\openai\resources\audio\__init__.py:3: RuntimeWarning: coroutine 'GitHubClient.get_commit_diff' was never awaited
    from .audio import (
  Enable tracemalloc to get traceback where the object was allocated.
  See https://docs.pytest.org/en/stable/how-to/capture-warnings.html#resource-warnings for more info.

tests/test_llm_client.py::test_init_openai_success
  C:\Users\USER\AppData\Local\Packages\PythonSoftwareFoundation.Python.3.11_qbz5n2kfra8p0\LocalCache\local-packages\Python311\site-packages\openai\resources\audio\__init__.py:3: RuntimeWarning: coroutine 'GitHubClient.post_commit_comment' was never awaited
    from .audio import (
  Enable tracemalloc to get traceback where the object was allocated.
  See https://docs.pytest.org/en/stable/how-to/capture-warnings.html#resource-warnings for more info.

tests/test_llm_client.py::test_init_openai_success
  C:\Users\USER\AppData\Local\Packages\PythonSoftwareFoundation.Python.3.11_qbz5n2kfra8p0\LocalCache\local-packages\Python311\site-packages\openai\resources\audio\__init__.py:3: RuntimeWarning: coroutine 'GitHubClient.get_file_content' was never awaited
    from .audio import (
  Enable tracemalloc to get traceback where the object was allocated.
  See https://docs.pytest.org/en/stable/how-to/capture-warnings.html#resource-warnings for more info.

tests/test_llm_client.py::test_init_openai_success
  C:\Users\USER\AppData\Local\Packages\PythonSoftwareFoundation.Python.3.11_qbz5n2kfra8p0\LocalCache\local-packages\Python311\site-packages\openai\resources\audio\__init__.py:3: RuntimeWarning: coroutine 'GitHubClient.update_file' was never awaited
    from .audio import (
  Enable tracemalloc to get traceback where the object was allocated.
  See https://docs.pytest.org/en/stable/how-to/capture-warnings.html#resource-warnings for more info.

tests/test_llm_client.py::test_init_openai_success
  C:\Users\USER\AppData\Local\Packages\PythonSoftwareFoundation.Python.3.11_qbz5n2kfra8p0\LocalCache\local-packages\Python311\site-packages\openai\resources\audio\__init__.py:3: RuntimeWarning: coroutine 'GitHubClient.create_pull_request' was never awaited
    from .audio import (
  Enable tracemalloc to get traceback where the object was allocated.
  See https://docs.pytest.org/en/stable/how-to/capture-warnings.html#resource-warnings for more info.

tests/test_readme_updater.py::test_update_readme_success
  C:\Program Files\WindowsApps\PythonSoftwareFoundation.Python.3.11_3.11.2544.0_x64__qbz5n2kfra8p0\Lib\inspect.py:2472: RuntimeWarning: coroutine 'AutomationOrchestrator._create_documentation_pr' was never awaited
    obj = unwrap(obj, stop=(lambda f: hasattr(f, "__signature__")
  Enable tracemalloc to get traceback where the object was allocated.
  See https://docs.pytest.org/en/stable/how-to/capture-warnings.html#resource-warnings for more info.

tests/test_readme_updater.py::test_update_readme_success
  C:\Program Files\WindowsApps\PythonSoftwareFoundation.Python.3.11_3.11.2544.0_x64__qbz5n2kfra8p0\Lib\inspect.py:2328: RuntimeWarning: coroutine 'AutomationOrchestrator._create_documentation_pr' was never awaited
    return _signature_fromstr(cls, func, s, skip_bound_arg)
  Enable tracemalloc to get traceback where the object was allocated.
  See https://docs.pytest.org/en/stable/how-to/capture-warnings.html#resource-warnings for more info.

tests/test_webhook_server.py::TestWebhookServer::test_handle_push_event_exception
  C:\Program Files\WindowsApps\PythonSoftwareFoundation.Python.3.11_3.11.2544.0_x64__qbz5n2kfra8p0\Lib\unittest\case.py:579: RuntimeWarning: coroutine 'TestWebhookServer.test_handle_push_event_exception' was never awaited
    if method() is not None:
  Enable tracemalloc to get traceback where the object was allocated.
  See https://docs.pytest.org/en/stable/how-to/capture-warnings.html#resource-warnings for more info.

tests/test_webhook_server.py::TestWebhookServer::test_handle_push_event_exception
  C:\Program Files\WindowsApps\PythonSoftwareFoundation.Python.3.11_3.11.2544.0_x64__qbz5n2kfra8p0\Lib\unittest\case.py:678: DeprecationWarning: It is deprecated to return a value that is not None from a test case (<bound method TestWebhookServer.test_handle_push_event_exception of <tests.test_webhook_server.TestWebhookServer testMethod=test_handle_push_event_exception>>)
    return self.run(*args, **kwds)

tests/test_webhook_server.py::TestWebhookServer::test_handle_push_event_no_commits
  C:\Program Files\WindowsApps\PythonSoftwareFoundation.Python.3.11_3.11.2544.0_x64__qbz5n2kfra8p0\Lib\unittest\case.py:579: RuntimeWarning: coroutine 'TestWebhookServer.test_handle_push_event_no_commits' was never awaited
    if method() is not None:
  Enable tracemalloc to get traceback where the object was allocated.
  See https://docs.pytest.org/en/stable/how-to/capture-warnings.html#resource-warnings for more info.

tests/test_webhook_server.py::TestWebhookServer::test_handle_push_event_no_commits
  C:\Program Files\WindowsApps\PythonSoftwareFoundation.Python.3.11_3.11.2544.0_x64__qbz5n2kfra8p0\Lib\unittest\case.py:678: DeprecationWarning: It is deprecated to return a value that is not None from a test case (<bound method TestWebhookServer.test_handle_push_event_no_commits of <tests.test_webhook_server.TestWebhookServer testMethod=test_handle_push_event_no_commits>>)
    return self.run(*args, **kwds)

tests/test_webhook_server.py::TestWebhookServer::test_handle_push_event_success
  C:\Program Files\WindowsApps\PythonSoftwareFoundation.Python.3.11_3.11.2544.0_x64__qbz5n2kfra8p0\Lib\unittest\case.py:579: RuntimeWarning: coroutine 'TestWebhookServer.test_handle_push_event_success' was never awaited
    if method() is not None:
  Enable tracemalloc to get traceback where the object was allocated.
  See https://docs.pytest.org/en/stable/how-to/capture-warnings.html#resource-warnings for more info.

tests/test_webhook_server.py::TestWebhookServer::test_handle_push_event_success
  C:\Program Files\WindowsApps\PythonSoftwareFoundation.Python.3.11_3.11.2544.0_x64__qbz5n2kfra8p0\Lib\unittest\case.py:678: DeprecationWarning: It is deprecated to return a value that is not None from a test case (<bound method TestWebhookServer.test_handle_push_event_success of <tests.test_webhook_server.TestWebhookServer testMethod=test_handle_push_event_success>>)
    return self.run(*args, **kwds)

tests/test_webhook_server.py::TestWebhookServer::test_run_background_task_exception
  C:\Program Files\WindowsApps\PythonSoftwareFoundation.Python.3.11_3.11.2544.0_x64__qbz5n2kfra8p0\Lib\inspect.py:2328: RuntimeWarning: coroutine 'AsyncMockMixin._execute_mock_call' was never awaited
    return _signature_fromstr(cls, func, s, skip_bound_arg)
  Enable tracemalloc to get traceback where the object was allocated.
  See https://docs.pytest.org/en/stable/how-to/capture-warnings.html#resource-warnings for more info.

tests/test_webhook_server.py::TestWebhookServer::test_verify_signature_invalid_format
  C:\Program Files\WindowsApps\PythonSoftwareFoundation.Python.3.11_3.11.2544.0_x64__qbz5n2kfra8p0\Lib\unittest\mock.py:2133: RuntimeWarning: coroutine 'WebhookServer._handle_push_event' was never awaited
    setattr(_type, entry, MagicProxy(entry, self))
  Enable tracemalloc to get traceback where the object was allocated.
  See https://docs.pytest.org/en/stable/how-to/capture-warnings.html#resource-warnings for more info.

-- Docs: https://docs.pytest.org/en/stable/how-to/capture-warnings.html
=========================== short test summary info ===========================
FAILED tests/test_code_reviewer.py::test_review_commit_success - AssertionErr...
FAILED tests/test_code_reviewer.py::test_review_commit_no_diff - AssertionErr...
FAILED tests/test_code_reviewer.py::test_review_commit_llm_failure - Assertio...
FAILED tests/test_code_reviewer.py::test_review_commit_post_as_issue - Assert...
FAILED tests/test_edge_cases.py::test_empty_diff - TypeError: object str can'...
FAILED tests/test_edge_cases.py::test_huge_diff - TypeError: object str can't...
FAILED tests/test_edge_cases.py::test_github_rate_limit - Exception: 403 rate...
FAILED tests/test_edge_cases.py::test_llm_api_failure - TypeError: object str...
FAILED tests/test_edge_cases.py::test_missing_readme - TypeError: object str ...
FAILED tests/test_edge_cases.py::test_missing_spec - TypeError: object dict c...
FAILED tests/test_edge_cases.py::test_invalid_payload - TypeError: Automation...
FAILED tests/test_edge_cases.py::test_malformed_commit_info - TypeError: obje...
FAILED tests/test_github_client.py::test_get_commit_diff_success - AssertionE...
FAILED tests/test_github_client.py::test_get_commit_diff_failure - assert <co...
FAILED tests/test_github_client.py::test_get_commit_info_success - TypeError:...
FAILED tests/test_github_client.py::test_get_commit_info_failure - assert <co...
FAILED tests/test_github_client.py::test_post_commit_comment_success - assert...
FAILED tests/test_github_client.py::test_post_commit_comment_failure - assert...
FAILED tests/test_github_client.py::test_create_issue_success - assert <corou...
FAILED tests/test_github_client.py::test_create_issue_failure - assert <corou...
FAILED tests/test_github_client.py::test_get_file_content_success - Assertion...
FAILED tests/test_github_client.py::test_get_file_content_404 - assert <corou...
FAILED tests/test_github_client.py::test_get_file_content_failure - assert <c...
FAILED tests/test_github_client.py::test_update_file_success - assert <corout...
FAILED tests/test_github_client.py::test_update_file_existing - assert <corou...
FAILED tests/test_github_client.py::test_update_file_failure - assert <corout...
FAILED tests/test_github_client.py::test_create_branch_success - assert <coro...
FAILED tests/test_github_client.py::test_create_branch_failure - assert <coro...
FAILED tests/test_github_client.py::test_create_pull_request_success - assert...
FAILED tests/test_github_client.py::test_create_pull_request_failure - assert...
FAILED tests/test_github_client.py::test_get_recent_commits_success - TypeErr...
FAILED tests/test_github_client.py::test_get_recent_commits_failure - assert ...
FAILED tests/test_llm_client.py::test_update_spec - TypeError: LLMClient.upda...
FAILED tests/test_orchestrator.py::test_create_documentation_pr_failure_branch
FAILED tests/test_orchestrator.py::test_create_documentation_pr_failure_update_readme
FAILED tests/test_orchestrator.py::test_create_documentation_pr_failure_update_spec
FAILED tests/test_orchestrator.py::test_create_documentation_pr_failure_create_pr
FAILED tests/test_orchestrator.py::test_create_documentation_pr_exception - T...
ERROR tests/test_concurrent_pushes.py::test_concurrent_pushes - TypeError: Au...
ERROR tests/test_concurrent_pushes.py::test_concurrent_pushes_with_delays - T...
ERROR tests/test_webhook_flow.py::test_orchestrator_runs_all_tasks - TypeErro...
ERROR tests/test_webhook_flow.py::test_orchestrator_creates_pr_for_docs - Typ...
ERROR tests/test_webhook_flow.py::test_orchestrator_handles_no_commits - Type...
ERROR tests/test_webhook_flow.py::test_orchestrator_task_failure_doesnt_block_others
============ 38 failed, 55 passed, 16 warnings, 6 errors in 11.60s ============
